These are the commands that I did and answers for the bandit levels of overthewire.org.


Overthewire.org BANDIT

Password for 0 = bandit0
It’s in the instructions.

###########################################################################
The goal of this level is for you to log into the game using SSH. The host to which you need to connect is bandit.labs.overthewire.org, on port 2220. The username is bandit0 and the password is bandit0. Once logged in, go to the Level 1 page to find out how to beat Level 1.

Commands you may need to solve this level
ssh
-----------------------------------------------------------------------------
chris@chris-VirtualBox:~$ ssh bandit0@bandit.labs.overthewire.org -p 2220

bandit0@bandit:~$ ls
readme
bandit0@bandit:~$ cat readme 
boJ9jbbUNNfktd78OOpsqOltutMc3MY1

Password for 1 = boJ9jbbUNNfktd78OOpsqOltutMc3MY1
############################################################################
############################################################################
############################################################################
############################################################################

The password for the next level is stored in a file called - located in the home directory

Commands you may need to solve this level
ls, cd, cat, file, du, find
-----------------------------------------------------------------------------
bandit1@bandit:~$ ls
-
bandit1@bandit:~$ cat ./-
CV1DtqXWVFXTvM2F0k09SHz0YwRINYA9

Password for 2 = CV1DtqXWVFXTvM2F0k09SHz0YwRINYA9
############################################################################
############################################################################
############################################################################
############################################################################

The password for the next level is stored in a file called spaces in this filename located in the home directory

Commands you may need to solve this level
ls, cd, cat, file, du, find
-----------------------------------------------------------------------------
bandit2@bandit:~$ ls
spaces in this filename
bandit2@bandit:~$ cat spaces\ in\ this\ filename
UmHadQclWmgdLOKQ3YNgjWxGoRMb5luK


Password for 3 = UmHadQclWmgdLOKQ3YNgjWxGoRMb5luK
############################################################################
############################################################################
############################################################################
############################################################################

The password for the next level is stored in a hidden file in the inhere directory.

Commands you may need to solve this level
ls, cd, cat, file, du, find
-----------------------------------------------------------------------------
bandit3@bandit:~$ ls
inhere
bandit3@bandit:~$ cd inhere/
bandit3@bandit:~/inhere$ ls
bandit3@bandit:~/inhere$ ls -la
total 12
drwxr-xr-x 2 root    root    4096 May  7 20:14 .
drwxr-xr-x 3 root    root    4096 May  7 20:14 ..
-rw-r----- 1 bandit4 bandit3   33 May  7 20:14 .hidden
bandit3@bandit:~/inhere$ cat .hidden
pIwrPrtPN36QITSp3EQaw936yaFoFgAB



Password for 4 = pIwrPrtPN36QITSp3EQaw936yaFoFgAB
############################################################################
############################################################################
############################################################################
############################################################################

Level Goal
The password for the next level is stored in the only human-readable file in the inhere directory. Tip: if your terminal is messed up, try the “reset” command.

Commands you may need to solve this level
ls, cd, cat, file, du, find

-----------------------------------------------------------------------------

bandit4@bandit:~$ ls
inhere
bandit4@bandit:~$ cd inhere/
bandit4@bandit:~/inhere$ ls
-file00  -file01  -file02  -file03  -file04  -file05  -file06  -file07  -file08  -file09
bandit4@bandit:~/inhere$ file ./-file0*
./-file00: data
./-file01: data
./-file02: data
./-file03: data
./-file04: data
./-file05: data
./-file06: data
./-file07: ASCII text
./-file08: data
./-file09: data
bandit4@bandit:~/inhere$ cat ./-file07
koReBOKuIDDepwhWk7jZC0RTdopnAYKh



Password for 5 = koReBOKuIDDepwhWk7jZC0RTdopnAYKh
############################################################################
############################################################################
############################################################################
############################################################################

The password for the next level is stored in a file somewhere under the inhere directory and has all of the following properties:

human-readable
1033 bytes in size
not executable
Commands you may need to solve this level
ls, cd, cat, file, du, find
-----------------------------------------------------------------------------
bandit5@bandit:~$ ls
inhere
bandit5@bandit:~$ cd inhere/
bandit5@bandit:~/inhere$ ls
maybehere00  maybehere03  maybehere06  maybehere09  maybehere12  maybehere15  maybehere18
maybehere01  maybehere04  maybehere07  maybehere10  maybehere13  maybehere16  maybehere19
maybehere02  maybehere05  maybehere08  maybehere11  maybehere14  maybehere17
bandit5@bandit:~/inhere$ find -type f -size 1033c ! -executable
./maybehere07/.file2
bandit5@bandit:~/inhere$ cat ./maybehere07/.file2
DXjZPULLxYr17uwoI01bNLQbtFemEgo7


Password for 6 = DXjZPULLxYr17uwoI01bNLQbtFemEgo7
############################################################################
############################################################################
############################################################################
############################################################################

The password for the next level is stored somewhere on the server and has all of the following properties:

owned by user bandit7
owned by group bandit6
33 bytes in size
Commands you may need to solve this level
ls, cd, cat, file, du, find, grep
-----------------------------------------------------------------------------
bandit6@bandit:~$ cd /
bandit6@bandit:/$ find -type f -user bandit7 -group bandit6 -size 33c 2>/dev/null
./var/lib/dpkg/info/bandit7.password
bandit6@bandit:/$ cat ./var/lib/dpkg/info/bandit7.password
HKBPTKQnIay4Fw76bEy8PVxKEDQRKTzs

password for 7 = HKBPTKQnIay4Fw76bEy8PVxKEDQRKTzs
############################################################################
############################################################################
############################################################################
############################################################################

The password for the next level is stored in the file data.txt next to the word millionth

Commands you may need to solve this level
grep, sort, uniq, strings, base64, tr, tar, gzip, bzip2, xxd
-----------------------------------------------------------------------------
bandit7@bandit:~$ ls
data.txt
bandit7@bandit:~$ cat data.txt | grep 'millionth'
millionth       cvX2JJa4CFALtqS87jk27qwqGhBM9plV

password for 8 = cvX2JJa4CFALtqS87jk27qwqGhBM9plV
############################################################################
############################################################################
############################################################################
############################################################################

The password for the next level is stored in the file data.txt and is the only line of text that occurs only once

Commands you may need to solve this level
grep, sort, uniq, strings, base64, tr, tar, gzip, bzip2, xxd
-----------------------------------------------------------------------------
bandit8@bandit:~$ ls
data.txt
bandit8@bandit:~$ sort data.txt | uniq -u
UsvVyFSfZZWbi6wgC7dAFyFuR6jQQUhR

password for 9 = UsvVyFSfZZWbi6wgC7dAFyFuR6jQQUhR
############################################################################
############################################################################
############################################################################
############################################################################

The password for the next level is stored in the file data.txt in one of the few human-readable strings, preceded by several ‘=’ characters.
-----------------------------------------------------------------------------
bandit9@bandit:~$ ls
data.txt
bandit9@bandit:~$ strings data.txt | grep "="
========== the*2i"4
=:G e
========== password
<I=zsGi
Z)========== is
A=|t&E
Zdb=
c^ LAh=3G
*SF=s
&========== truKLdjsbJ5g7yyJ2X2R0o3a5HQJFuLk
S=A.H&^

password for 10 is truKLdjsbJ5g7yyJ2X2R0o3a5HQJFuLk
############################################################################
############################################################################
############################################################################
############################################################################

The password for the next level is stored in the file data.txt, which contains base64 encoded data

Commands you may need to solve this level
grep, sort, uniq, strings, base64, tr, tar, gzip, bzip2, xxd
------------------------------------------------------------
bandit10@bandit:~$ ls
data.txt
bandit10@bandit:~$ strings data.txt | grep "="
The password is IFukwKGsFW8MOq3IRFqrxE1hxTNEbUPR

password for 11 = IFukwKGsFW8MOq3IRFqrxE1hxTNEbUPR
############################################################################
############################################################################
############################################################################
############################################################################

The password for the next level is stored in the file data.txt, where all lowercase (a-z) and uppercase (A-Z) letters have been rotated by 13 positions

Commands you may need to solve this level
grep, sort, uniq, strings, base64, tr, tar, gzip, bzip2, xxd
------------------------------------------------------------
bandit11@bandit:~$ ls
data.txt
bandit11@bandit:~$ cat data.txt | tr “A-Za-z” “N-ZA-Mn-za-m”

password for 12 = 5Te8Y4drgCRfCx8ugdwuEX8KFC6k2EUu
############################################################################
############################################################################
############################################################################
############################################################################

The password for the next level is stored in the file data.txt, which is a hexdump of a file that has been repeatedly compressed. For this level it may be useful 
to create a directory under /tmp in which you can work using mkdir. For example: mkdir /tmp/myname123. Then copy the datafile using cp, and rename it using mv 
(read the manpages!)



bandit12@bandit:~$ ls
data.txt
bandit12@bandit:~$ mkdir /tmp/bandit12
bandit12@bandit:~$ cp data.txt /tmp/bandit12
bandit12@bandit:~$ cd /tmp/bandit12
bandit12@bandit:/tmp/bandit12$ ls
data.txt
bandit12@bandit:/tmp/bandit12$ cat data.txt | xxd -r > data
bandit12@bandit:/tmp/bandit12$ ls
data  data.txt
bandit12@bandit:/tmp/bandit12$ file data
data: gzip compressed data, was "data2.bin", last modified: Thu May  7 18:14:30 2020, max compression, from Unix
bandit12@bandit:/tmp/bandit12$ mv data data.gz
bandit12@bandit:/tmp/bandit12$ ls
data.gz  data.txt
bandit12@bandit:/tmp/bandit12$ gzip -d data.gz
bandit12@bandit:/tmp/bandit12$ ls
data  data.txt
bandit12@bandit:/tmp/bandit12$ rm data.txt
bandit12@bandit:/tmp/bandit12$ ls
databandit12@bandit:/tmp/bandit12$ mv data data2
bandit12@bandit:/tmp/bandit12$ ls
data2
bandit12@bandit:/tmp/bandit12$ mv data2 data2.bz
bandit12@bandit:/tmp/bandit12$ ls
data2.bz
bandit12@bandit:/tmp/bandit12$ bzip2 -d data2.bz
bandit12@bandit:/tmp/bandit12$ ls
data2
bandit12@bandit:/tmp/bandit12$ file data2 
data2: gzip compressed data, was "data4.bin", last modified: Thu May  7 18:14:30 2020, max compression, from Unix
bandit12@bandit:/tmp/bandit12$ mv data2 data3.gz

bandit12@bandit:/tmp/bandit12$ ls
data3.gz
bandit12@bandit:/tmp/bandit12$ gzip -d data3.gz 
bandit12@bandit:/tmp/bandit12$ ls
data3
bandit12@bandit:/tmp/bandit12$ file data3
data3: POSIX tar archive (GNU)
bandit12@bandit:/tmp/bandit12$ mv data3 data4.tar
bandit12@bandit:/tmp/bandit12$ tar -xf data4.tar 
bandit12@bandit:/tmp/bandit12$ ls
data4.tar  data5.bin
bandit12@bandit:/tmp/bandit12$ file data5.bin 
data5.bin: POSIX tar archive (GNU)
bandit12@bandit:/tmp/bandit12$ mv data5.bin data6.tar
bandit12@bandit:/tmp/bandit12$ tar -xf data6.tar 
bandit12@bandit:/tmp/bandit12$ ls
data4.tar  data6.bin  data6.tar
bandit12@bandit:/tmp/bandit12$ rm data4.tar data6.tar
bandit12@bandit:/tmp/bandit12$ ls
data6.bin
bandit12@bandit:/tmp/bandit12$ file data6.bin 
data6.bin: bzip2 compressed data, block size = 900k
bandit12@bandit:/tmp/bandit12$ mv data6.bin data7.bz
bandit12@bandit:/tmp/bandit12$ bzip2 -d data7.bz
bandit12@bandit:/tmp/bandit12$ ls
data7
bandit12@bandit:/tmp/bandit12$ file data7
data7: POSIX tar archive (GNU)
bandit12@bandit:/tmp/bandit12$ mv data7 data8.tar
bandit12@bandit:/tmp/bandit12$ tar -xf data8.tar 
bandit12@bandit:/tmp/bandit12$ ls
data8.bin  data8.tar
bandit12@bandit:/tmp/bandit12$ file data8.bin
data8.bin: gzip compressed data, was "data9.bin", last modified: Thu May  7 18:14:30 2020, max compression, from Unix
bandit12@bandit:/tmp/bandit12$ mv data8.bin data9
bandit12@bandit:/tmp/bandit12$ rm data8.tar
bandit12@bandit:/tmp/bandit12$ ls
data9
bandit12@bandit:/tmp/bandit12$ file data9 
data9: gzip compressed data, was "data9.bin", last modified: Thu May  7 18:14:30 2020, max compression, from Unix
bandit12@bandit:/tmp/bandit12$ mv data9 9.gz
bandit12@bandit:/tmp/bandit12$ gzip -d 9.gz
bandit12@bandit:/tmp/bandit12$ ls
9
bandit12@bandit:/tmp/bandit12$ file 9
9: ASCII text
bandit12@bandit:/tmp/bandit12$ cat 9
The password is 8ZjyCRiBWFYkneahHwxCv3wb2a1ORpYL


password for 13 = 8ZjyCRiBWFYkneahHwxCv3wb2a1ORpYL
############################################################################
############################################################################
############################################################################
############################################################################

The password for the next level is stored in /etc/bandit_pass/bandit14 and can only be read by user bandit14. For this level, you don’t get the next password, but you get 
a private SSH key that can be used to log into the next level. Note: localhost is a hostname that refers to the machine you are working on


bandit13@bandit:~$ ls
sshkey.private
bandit13@bandit:~$ ssh bandit14@localhost -i sshkey.private
Could not create directory '/home/bandit13/.ssh'.
The authenticity of host 'localhost (127.0.0.1)' can't be established.
ECDSA key fingerprint is SHA256:98UL0ZWr85496EtCRkKlo20X3OPnyPSB5tB5RPbhczc.
Are you sure you want to continue connecting (yes/no)? yes
Failed to add the host to the list of known hosts (/home/bandit13/.ssh/known_hosts).


###### OVER THE WIRE BANNER DISPLAYED ########    

bandit14@bandit:~$ cat /etc/bandit_pass/bandit14
4wcYUJFw0k0XLShlDzztnTBHiqxU3b3e
bandit14@bandit:~$ 




password for 14 = 4wcYUJFw0k0XLShlDzztnTBHiqxU3b3e
############################################################################
############################################################################
############################################################################
############################################################################

The password for the next level can be retrieved by submitting the password of the current level to port 30000 on localhost.

bandit14@bandit:~$ nc localhost 30000
4wcYUJFw0k0XLShlDzztnTBHiqxU3b3e
Correct!
BfMYroe26WYalil77FoDi9qh59eK5xNr



password for 15 = BfMYroe26WYalil77FoDi9qh59eK5xNr
############################################################################
############################################################################
############################################################################
############################################################################

The password for the next level can be retrieved by submitting the password of the current level to port 30001 on localhost using SSL encryption.

Helpful note: Getting “HEARTBEATING” and “Read R BLOCK”? Use -ign_eof and read the “CONNECTED COMMANDS” section in the manpage. Next to ‘R’ and ‘Q’, the ‘B’ 
command also works in this version of that command…

bandit15@bandit:~$ openssl s_client -ign_eof -connect localhost:30001

################# Cert and SSL info printed ######### ign_eof stops server from closing the connection when it reaches the end of the file

BfMYroe26WYalil77FoDi9qh59eK5xNr
Correct!
cluFn7wTiGryunymYOu4RcffSxQluehd

password for 16 = cluFn7wTiGryunymYOu4RcffSxQluehd
############################################################################
############################################################################
############################################################################
############################################################################
Done for the night
